// Jest Snapshot v1, https://goo.gl/fbAQLP

exports[`renders the navbar component 1`] = `
<DocumentFragment>
  <header
    class="header flex"
  >
    <div
      class="logo-header flex"
    >
      <div
        class="logo flex"
      >
        <span
          class="back"
        >
          <span
            class="back-txt white"
          >
            <img
              alt="Logo"
              class="logo"
              src="bitcoin.png"
            />
          </span>
        </span>
      </div>
    </div>
    <div
      class="right-side flex"
    >
      <input
        class="search-field"
        placeholder="Search Cryptos"
        type="search"
      />
      <span
        class="audio"
      >
        <i
          aria-hidden="true"
          class="fa fa-microphone"
        />
      </span>
      <span
        class="settings"
      >
        <i
          aria-hidden="true"
          class="fa fa-cog"
        />
      </span>
    </div>
  </header>
</DocumentFragment>
`;
